// Jest Snapshot v1, https://goo.gl/fbAQLP

exports[`Download displays download 1`] = `
<button
  className="download-button"
  onClick={[MockFunction]}
>
  Download images
</button>
`;
