// Jest Snapshot v1, https://goo.gl/fbAQLP

exports[`Upload displays upload 1`] = `
<input
  className="file-upload"
  onChange={[Function]}
  type="file"
/>
`;
