// Jest Snapshot v1, https://goo.gl/fbAQLP

exports[`AppState creates placeholder canvas 1`] = `"data:image/png;base64,iVBORw0KGgoAAAANSUhEUgAADLwAAAQ4CAYAAAC5PSSxAAAABmJLR0QA/wD/AP+gvaeTAAAgAElEQVR4nOzbMQ7CMBBFQcIp8P3vZnMLaFPSWHkoM/UWv17pHXPNzwMAAADgBsZr/HS33mvzEgAAAIC9/EEAAACAf/e8egAAAAAAAAAAAAAAAACcCV4AAAAAAAAAAAAAAABIEbwAAAAAAAAAAAAAAACQIngBAAAAAAAAAAAAAAAgRfACAAAAAAAAAAAAAABAiuAFAAAAAAAAAAAAAACAFMELAAAAAAAAAAAAAAAAKYIXAAAAAAAAAAAAAAAAUgQvAAAAAAAAAAAAAAAApAheAAAAAAAAAAAAAAAASBG8AAAAAAAAAAAAAAAAkCJ4AQAAAAAAAAAAAAAAIEXwAgAAAAAAAAAAAAAAQIrgBQAAAAAAAAAAAAAAgBTBCwAAAAAAAAAAAAAAACmCFwAAAAAAAAAAAAAAAFIELwAAAAAAAAAAAAAAAKQIXgAAAAAAAAAAAAAAAEgRvAAAAAAAAAAAAAAAAJAieAEAAAAAAAAAAAAAACBF8AIAAAAAAAAAAAAAAECK4AUAAAAAAAAAAAAAAIAUwQsAAAAAAAAAAAAAAAApghcAAAAAAAAAAAAAAABSBC8AAAAAAAAAAAAAAACkCF4AAAAAAAAAAAAAAABIEbwAAAAAAAAAAAAAAACQIngBAAAAAAAAAAAAAAAgRfACAAAAAAAAAAAAAABAiuAFAAAAAAAAAAAAAACAFMELAAAAAAAAAAAAAAAAKYIXAAAAAAAAAAAAAAAAUgQvAAAAAAAAAAAAAAAApAheAAAAAAAAAAAAAAAASBG8AAAAAAAAAAAAAAAAkCJ4AQAAAAAAAAAAAAAAIEXwAgAAAAAAAAAAAAAAQIrgBQAAAAAAAAAAAAAAgBTBCwAAAAAAAAAAAAAAACmCFwAAAAAAAAAAAAAAAFIELwAAAAAAAAAAAAAAAKQIXgAAAAAAAAAAAAAAAEgRvAAAAAAAAAAAAAAAAJAieAEAAAAAAAAAAAAAACBF8AIAAAAAAAAAAAAAAECK4AUAAAAAAAAAAAAAAIAUwQsAAAAAAAAAAAAAAAApghcAAAAAAAAAAAAAAABSBC8AAAAAAAAAAAAAAACkCF4AAAAAAAAAAAAAAABIEbwAAAAAAAAAAAAAAACQIngBAAAAAAAAAAAAAAAgRfACAAAAAAAAAAAAAABAiuAFAAAAAAAAAAAAAACAFMELAAAAAAAAAAAAAAAAKYIXAAAAAAAAAAAAAAAAUgQvAAAAAAAAAAAAAAAApAheAAAAAAAAAAAAAAAASBG8AAAAAAAAAAAAAAAAkCJ4AQAAAAAAAAAAAAAAIEXwAgAAAAAAAAAAAAAAQIrgBQAAAAAAAAAAAAAAgBTBCwAAAAAAAAAAAAAAACmCFwAAAAAAAAAAAAAAAFIELwAAAAAAAAAAAAAAAKQIXgAAAAAAAAAAAAAAAEgRvAAAAAAAAAAAAAAAAJAieAEAAAAAAAAAAAAAACBF8AIAAAAAAAAAAAAAAECK4AUAAAAAAAAAAAAAAIAUwQsAAAAAAAAAAAAAAAApghcAAAAAAAAAAAAAAABSBC8AAAAAAAAAAAAAAACkCF4AAAAAAAAAAAAAAABIEbwAAAAAAAAAAAAAAACQIngBAAAAAAAAAAAAAAAgRfACAAAAAAAAAAAAAABAiuAFAAAAAAAAAAAAAACAFMELAAAAAAAAAAAAAAAAKYIXAAAAAAAAAAAAAAAAUgQvAAAAAAAAAAAAAAAApAheAAAAAAAAAAAAAAAASBG8AAAAAAAAAAAAAAAAkCJ4AQAAAAAAAAAAAAAAIEXwAgAAAAAAAAAAAAAAQIrgBQAAAAAAAAAAAAAAgBTBCwAAAAAAAAAAAAAAACmCFwAAAAAAAAAAAAAAAFIELwAAAAAAAAAAAAAAAKQIXgAAAAAAAAAAAAAAAEgRvAAAAAAAAAAAAAAAAJAieAEAAAAAAAAAAAAAACBF8AIAAAAAAAAAAAAAAECK4AUAAAAAAAAAAAAAAIAUwQsAAAAAAAAAAAAAAAApghcAAAAAAAAAAAAAAABSBC8AAAAAAAAAAAAAAACkCF4AAAAAAAAAAAAAAABIEbwAAAAAAAAAAAAAAACQIngBAAAAAAAAAAAAAAAgRfACAAAAAAAAAAAAAABAiuAFAAAAAAAAAAAAAACAFMELAAAAAAAAAAAAAAAAKYIXAAAAAAAAAAAAAAAAUgQvAAAAAAAAAAAAAAAApAheAAAAAAAAAAAAAAAASBG8AAAAAAAAAAAAAAAAkCJ4AQAAAAAAAAAAAAAAIEXwAgAAAAAAAAAAAAAAQIrgBQAAAAAAAAAAAAAAgBTBCwAAAAAAAAAAAAAAACmCFwAAAAAAAAAAAAAAAFIELwAAAAAAAAAAAAAAAKQIXgAAAAAAAAAAAAAAAEgRvAAAAAAAAAAAAAAAAJAieAEAAAAAAAAAAAAAACBF8AIAAAAAAAAAAAAAAECK4AUAAAAAAAAAAAAAAIAUwQsAAAAAAAAAAAAAAAApghcAAAAAAAAAAAAAAABSBC8AAAAAAAAAAAAAAACkCF4AAAAAAAAAAAAAAABIEbwAAAAAAAAAAAAAAACQIngBAAAAAAAAAAAAAAAgRfACAAAAAAAAAAAAAABAiuAFAAAAAAAAAAAAAACAFMELAAAAAAAAAAAAAAAAKYIXAAAAAAAAAAAAAAAAUgQvAAAAAAAAAAAAAAAApAheAAAAAAAAAAAAAAAASBG8AAAAAAAAAAAAAAAAkCJ4AQAAAAAAAAAAAAAAIEXwAgAAAAAAAAAAAAAAQIrgBQAAAAAAAAAAAAAAgBTBCwAAAAAAAAAAAAAAACmCFwAAAAAAAAAAAAAAAFIELwAAAAAAAAAAAAAAAKQIXgAAAAAAAAAAAAAAAEgRvAAAAAAAAAAAAAAAAJAieAEAAAAAAAAAAAAAACBF8AIAAAAAAAAAAAAAAECK4AUAAAAAAAAAAAAAAIAUwQsAAAAAAAAAAAAAAAApghcAAAAAAAAAAAAAAABSBC8AAAAAAAAAAAAAAACkCF4AAAAAAAAAAAAAAABIEbwAAAAAAAAAAAAAAACQIngBAAAAAAAAAAAAAAAgRfACAAAAAAAAAAAAAABAiuAFAAAAAAAAAAAAAACAFMELAAAAAAAAAAAAAAAAKYIXAAAAAAAAAAAAAAAAUgQvAAAAAAAAAAAAAAAApAheAAAAAAAAAAAAAAAASBG8AAAAAAAAAAAAAAAAkCJ4AQAAAAAAAAAAAAAAIEXwAgAAAAAAAAAAAAAAQIrgBQAAAAAAAAAAAAAAgBTBCwAAAAAAAAAAAAAAACmCFwAAAAAAAAAAAAAAAFIELwAAAAAAAAAAAAAAAKQIXgAAAAAAAAAAAAAAAEgRvAAAAAAAAAAAAAAAAJAieAEAAAAAAAAAAAAAACBF8AIAAAAAAAAAAAAAAECK4AUAAAAAAAAAAAAAAIAUwQsAAAAAAAAAAAAAAAApghcAAAAAAAAAAAAAAABSBC8AAAAAAAAAAAAAAACkCF4AAAAAAAAAAAAAAABIEbwAAAAAAAAAAAAAAACQIngBAAAAAAAAAAAAAAAgRfACAAAAAAAAAAAAAABAiuAFAAAAAAAAAAAAAACAFMELAAAAAAAAAAAAAAAAKYIXAAAAAAAAAAAAAAAAUgQvAAAAAAAAAAAAAAAApAheAAAAAAAAAAAAAAAASBG8AAAAAAAAAAAAAAAAkCJ4AQAAAAAAAAAAAAAAIEXwAgAAAAAAAAAAAAAAQIrgBQAAAAAAAAAAAAAAgBTBCwAAAAAAAAAAAAAAACmCFwAAAAAAAAAAAAAAAFIELwAAAAAAAAAAAAAAAKQIXgAAAAAAAAAAAAAAAEgRvAAAAAAAAAAAAAAAAJAieAEAAAAAAAAAAAAAACBF8AIAAAAAAAAAAAAAAECK4AUAAAAAAAAAAAAAAIAUwQsAAAAAAAAAAAAAAAApghcAAAAAAAAAAAAAAABSBC8AAAAAAAAAAAAAAACkCF4AAAAAAAAAAAAAAABIEbwAAAAAAAAAAAAAAACQIngBAAAAAAAAAAAAAAAgRfACAAAAAAAAAAAAAABAiuAFAAAAAAAAAAAAAACAFMELAAAAAAAAAAAAAAAAKYIXAAAAAAAAAAAAAAAAUgQvAAAAAAAAAAAAAAAApAheAAAAAAAAAAAAAAAASBG8AAAAAAAAAAAAAAAAkCJ4AQAAAAAAAAAAAAAAIEXwAgAAAAAAAAAAAAAAQIrgBQAAAAAAAAAAAAAAgBTBCwAAAAAAAAAAAAAAACmCFwAAAAAAAAAAAAAAAFIELwAAAAAAAAAAAAAAAKQIXgAAAAAAAAAAAAAAAEgRvAAAAAAAAAAAAAAAAJAieAEAAAAAAAAAAAAAACBF8AIAAAAAAAAAAAAAAECK4AUAAAAAAAAAAAAAAIAUwQsAAAAAAAAAAAAAAAApghcAAAAAAAAAAAAAAABSBC8AAAAAAAAAAAAAAACkCF4AAAAAAAAAAAAAAABIEbwAAAAAAAAAAAAAAACQIngBAAAAAAAAAAAAAAAgRfACAAAAAAAAAAAAAABAiuAFAAAAAAAAAAAAAACAFMELAAAAAAAAAAAAAAAAKYIXAAAAAAAAAAAAAAAAUgQvAAAAAAAAAAAAAAAApAheAAAAAAAAAAAAAAAASBG8AAAAAAAAAAAAAAAAkCJ4AQAAAAAAAAAAAAAAIEXwAgAAAAAAAAAAAAAAQIrgBQAAAAAAAAAAAAAAgBTBCwAAAAAAAAAAAAAAACmCFwAAAAAAAAAAAAAAAFIELwAAAAAAAAAAAAAAAKQIXgAAAAAAAAAAAAAAAEgRvAAAAAAAAAAAAAAAAJAieAEAAAAAAAAAAAAAACBF8AIAAAAAAAAAAAAAAECK4AUAAAAAAAAAAAAAAIAUwQsAAAAAAAAAAAAAAAApghcAAAAAAAAAAAAAAABSBC8AAAAAAAAAAAAAAACkCF4AAAAAAAAAAAAAAABIEbwAAAAAAAAAAAAAAACQIngBAAAAAAAAAAAAAAAgRfACAAAAAAAAAAAAAABAiuAFAAAAAAAAAAAAAACAFMELAAAAAAAAAAAAAAAAKYIXAAAAAAAAAAAAAAAAUgQvAAAAAAAAAAAAAAAApAheAAAAAAAAAAAAAAAASBG8AAAAAAAAAAAAAAAAkCJ4AQAAAAAAAAAAAAAAIEXwAgAAAAAAAAAAAAAAQIrgBQAAAAAAAAAAAAAAgBTBCwAAAAAAAAAAAAAAACmCFwAAAAAAAAAAAAAAAFIELwAAAAAAAAAAAAAAAKQIXgAAAAAAAAAAAAAAAEgRvAAAAAAAAAAAAAAAAJAieAEAAAAAAAAAAAAAACBF8AIAAAAAAAAAAAAAAECK4AUAAAAAAAAAAAAAAIAUwQsAAAAAAAAAAAAAAAApghcAAAAAAAAAAAAAAABSBC8AAAAAAAAAAAAAAACkCF4AAAAAAAAAAAAAAABIEbwAAAAAAAAAAAAAAACQIngBAAAAAAAAAAAAAAAgRfACAAAAAAAAAAAAAABAiuAFAAAAAAAAAAAAAACAFMELAAAAAAAAAAAAAAAAKYIXAAAAAAAAAAAAAAAAUgQvAAAAAAAAAAAAAAAApAheAAAAAAAAAAAAAAAASBG8AAAAAAAAAAAAAAAAkCJ4AQAAAAAAAAAAAAAAIEXwAgAAAAAAAAAAAAAAQIrgBQAAAAAAAAAAAAAAgBTBCwAAAAAAAAAAAAAAACmCFwAAAAAAAAAAAAAAAFIELwAAAAAAAAAAAAAAAKQIXgAAAAAAAAAAAAAAAEgRvAAAAAAAAAAAAAAAAJAieAEAAAAAAAAAAAAAACBF8AIAAAAAAAAAAAAAAECK4AUAAAAAAAAAAAAAAIAUwQsAAAAAAAAAAAAAAAApghcAAAAAAAAAAAAAAABSBC8AAAAAAAAAAAAAAACkCF4AAAAAAAAAAAAAAABIEbwAAAAAAAAAAAAAAACQIngBAAAAAAAAAAAAAAAgRfACAAAAAAAAAAAAAABAiuAFAAAAAAAAAAAAAACAFMELAAAAAAAAAAAAAAAAKYIXAAAAAAAAAAAAAAAAUgQvAAAAAAAAAAAAAAAApAheAAAAAAAAAAAAAAAASBG8AAAAAAAAAAAAAAAAkCJ4AQAAAAAAAAAAAAAAIEXwAgAAAAAAAAAAAAAAQIrgBQAAAAAAAAAAAAAAgBTBCwAAAAAAAAAAAAAAACmCFwAAAAAAAAAAAAAAAFIELwAAAAAAAAAAAAAAAKQIXgAAAAAAAAAAAAAAAEgRvAAAAAAAAAAAAAAAAJAieAEAAAAAAAAAAAAAACBF8AIAAAAAAAAAAAAAAECK4AUAAAAAAAAAAAAAAIAUwQsAAAAAAAAAAAAAAAApghcAAAAAAAAAAAAAAABSBC8AAAAAAAAAAAAAAACkCF4AAAAAAAAAAAAAAABIEbwAAAAAAAAAAAAAAACQIngBAAAAAAAAAAAAAAAgRfACAAAAAAAAAAAAAABAiuAFAAAAAAAAAAAAAACAFMELAAAAAAAAAAAAAAAAKYIXAAAAAAAAAAAAAAD4sm/HAgAAAACD/K2nsaM8AlaEFwAAAAAAAAAAAAAAAFaEFwAAAAAAAAAAAAAAAFaEFwAAAAAAAAAAAAAAAFaEFwAAAAAAAAAAAAAAAFaEFwAAAAAAAAAAAAAAAFaEFwAAAAAAAAAAAAAAAFaEFwAAAAAAAAAAAAAAAFaEFwAAAAAAAAAAAAAAAFaEFwAAAAAAAAAAAAAAAFaEFwAAAAAAAAAAAAAAAFaEFwAAAAAAAAAAAAAAAFaEFwAAAAAAAAAAAAAAAFaEFwAAAAAAAAAAAAAAAFaEFwAAAAAAAAAAAAAAAFaEFwAAAAAAAAAAAAAAAFaEFwAAAAAAAAAAAAAAAFaEFwAAAAAAAAAAAAAAAFaEFwAAAAAAAAAAAAAAAFaEFwAAAAAAAAAAAAAAAFaEFwAAAAAAAAAAAAAAAFaEFwAAAAAAAAAAAAAAAFaEFwAAAAAAAAAAAAAAAFaEFwAAAAAAAAAAAAAAAFaEFwAAAAAAAAAAAAAAAFaEFwAAAAAAAAAAAAAAAFaEFwAAAAAAAAAAAAAAAFaEFwAAAAAAAAAAAAAAAFaEFwAAAAAAAAAAAAAAAFaEFwAAAAAAAAAAAAAAAFaEFwAAAAAAAAAAAAAAAFaEFwAAAAAAAAAAAAAAAFaEFwAAAAAAAAAAAAAAAFaEFwAAAAAAAAAAAAAAAFaEFwAAAAAAAAAAAAAAAFaEFwAAAAAAAAAAAAAAAFaEFwAAAAAAAAAAAAAAAFaEFwAAAAAAAAAAAAAAAFaEFwAAAAAAAAAAAAAAAFaEFwAAAAAAAAAAAAAAAFaEFwAAAAAAAAAAAAAAAFaEFwAAAAAAAAAAAAAAAFaEFwAAAAAAAAAAAAAAAFaEFwAAAAAAAAAAAAAAAFaEFwAAAAAAAAAAAAAAAFaEFwAAAAAAAAAAAAAAAFaEFwAAAAAAAAAAAAAAAFaEFwAAAAAAAAAAAAAAAFaEFwAAAAAAAAAAAAAAAFaEFwAAAAAAAAAAAAAAAFaEFwAAAAAAAAAAAAAAAFaEFwAAAAAAAAAAAAAAAFaEFwAAAAAAAAAAAAAAAFaEFwAAAAAAAAAAAAAAAFaEFwAAAAAAAAAAAAAAAFaEFwAAAAAAAAAAAAAAAFaEFwAAAAAAAAAAAAAAAFaEFwAAAAAAAAAAAAAAAFaEFwAAAAAAAAAAAAAAAFaEFwAAAAAAAAAAAAAAAFaEFwAAAAAAAAAAAAAAAFaEFwAAAAAAAAAAAAAAAFaEFwAAAAAAAAAAAAAAAFaEFwAAAAAAAAAAAAAAAFaEFwAAAAAAAAAAAAAAAFaEFwAAAAAAAAAAAAAAAFaEFwAAAAAAAAAAAAAAAFaEFwAAAAAAAAAAAAAAAFaEFwAAAAAAAAAAAAAAAFaEFwAAAAAAAAAAAAAAAFaEFwAAAAAAAAAAAAAAAFaEFwAAAAAAAAAAAAAAAFaEFwAAAAAAAAAAAAAAAFaEFwAAAAAAAAAAAAAAAFaEFwAAAAAAAAAAAAAAAFaEFwAAAAAAAAAAAAAAAFaEFwAAAAAAAAAAAAAAAFaEFwAAAAAAAAAAAAAAAFaEFwAAAAAAAAAAAAAAAFaEFwAAAAAAAAAAAAAAAFaEFwAAAAAAAAAAAAAAAFaEFwAAAAAAAAAAAAAAAFaEFwAAAAAAAAAAAAAAAFaEFwAAAAAAAAAAAAAAAFaEFwAAAAAAAAAAAAAAAFaEFwAAAAAAAAAAAAAAAFaEFwAAAAAAAAAAAAAAAFaEFwAAAAAAAAAAAAAAAFaEFwAAAAAAAAAAAAAAAFaEFwAAAAAAAAAAAAAAAFaEFwAAAAAAAAAAAAAAAFaEFwAAAAAAAAAAAAAAAFaEFwAAAAAAAAAAAAAAAFaEFwAAAAAAAAAAAAAAAFaEFwAAAAAAAAAAAAAAAFaEFwAAAAAAAAAAAAAAAFaEFwAAAAAAAAAAAAAAAFaEFwAAAAAAAAAAAAAAAFaEFwAAAAAAAAAAAAAAAFaEFwAAAAAAAAAAAAAAAFaEFwAAAAAAAAAAAAAAAFaEFwAAAAAAAAAAAAAAAFaEFwAAAAAAAAAAAAAAAFaEFwAAAAAAAAAAAAAAAFaEFwAAAAAAAAAAAAAAAFaEFwAAAAAAAAAAAAAAAFaEFwAAAAAAAAAAAAAAAFaEFwAAAAAAAAAAAAAAAFaEFwAAAAAAAAAAAAAAAFaEFwAAAAAAAAAAAAAAAFaEFwAAAAAAAAAAAAAAAFaEFwAAAAAAAAAAAAAAAFaEFwAAAAAAAAAAAAAAAFaEFwAAAAAAAAAAAAAAAFaEFwAAAAAAAAAAAAAAAFaEFwAAAAAAAAAAAAAAAFaEFwAAAAAAAAAAAAAAAFaEFwAAAAAAAAAAAAAAAFaEFwAAAAAAAAAAAAAAAFaEFwAAAAAAAAAAAAAAAFaEFwAAAAAAAAAAAAAAAFaEFwAAAAAAAAAAAAAAAFaEFwAAAAAAAAAAAAAAAFaEFwAAAAAAAAAAAAAAAFaEFwAAAAAAAAAAAAAAAFaEFwAAAAAAAAAAAAAAAFaEFwAAAAAAAAAAAAAAAFaEFwAAAAAAAAAAAAAAAFaEFwAAAAAAAAAAAAAAAFaEFwAAAAAAAAAAAAAAAFaEFwAAAAAAAAAAAAAAAFaEFwAAAAAAAAAAAAAAAFaEFwAAAAAAAAAAAAAAAFaEFwAAAAAAAAAAAAAAAFaEFwAAAAAAAAAAAAAAAFaEFwAAAAAAAAAAAAAAAFaEFwAAAAAAAAAAAAAAAFaEFwAAAAAAAAAAAAAAAFaEFwAAAAAAAAAAAAAAAFaEFwAAAAAAAAAAAAAAAFaEFwAAAAAAAAAAAAAAAFaEFwAAAAAAAAAAAAAAAFaEFwAAAAAAAAAAAAAAAFaEFwAAAAAAAAAAAAAAAFaEFwAAAAAAAAAAAAAAAFaEFwAAAAAAAAAAAAAAAFaEFwAAAAAAAAAAAAAAAFaEFwAAAAAAAAAAAAAAAFaEFwAAAAAAAAAAAAAAAFaEFwAAAAAAAAAAAAAAAFaEFwAAAAAAAAAAAAAAAFaEFwAAAAAAAAAAAAAAAFaEFwAAAAAAAAAAAAAAAFaEFwAAAAAAAAAAAAAAAFaEFwAAAAAAAAAAAAAAAFaEFwAAAAAAAAAAAAAAAFaEFwAAAAAAAAAAAAAAAFaEFwAAAAAAAAAAAAAAAFaEFwAAAAAAAAAAAAAAAFaEFwAAAAAAAAAAAAAAAFaEFwAAAAAAAAAAAAAAAFaEFwAAAAAAAAAAAAAAAFaEFwAAAAAAAAAAAAAAAFaEFwAAAAAAAAAAAAAAAFaEFwAAAAAAAAAAAAAAAFaEFwAAAAAAAAAAAAAAAFaEFwAAAAAAAAAAAAAAAFaEFwAAAAAAAAAAAAAAAFaEFwAAAAAAAAAAAAAAAFaEFwAAAAAAAAAAAAAAAFaEFwAAAAAAAAAAAAAAAFaEFwAAAAAAAAAAAAAAAFaEFwAAAAAAAAAAAAAAAFaEFwAAAAAAAAAAAAAAAFaEFwAAAAAAAAAAAAAAAFaEFwAAAAAAAAAAAAAAAFaEFwAAAAAAAAAAAAAAAFaEFwAAAAAAAAAAAAAAAFaEFwAAAAAAAAAAAAAAAFaEFwAAAAAAAAAAAAAAAFaEFwAAAAAAAAAAAAAAAFaEFwAAAAAAAAAAAAAAAFaEFwAAAAAAAAAAAAAAAFaEFwAAAAAAAAAAAAAAAFaEFwAAAAAAAAAAAAAAAFaEFwAAAAAAAAAAAAAAAFaEFwAAAAAAAAAAAAAAAFaEFwAAAAAAAAAAAAAAAFaEFwAAAAAAAAAAAAAAAFaEFwAAAAAAAAAAAAAAAFaEFwAAAAAAAAAAAAAAAFaEFwAAAAAAAAAAAAAAAFaEFwAAAAAAAAAAAAAAAFaEFwAAAAAAAAAAAAAAAFaEFwAAAAAAAAAAAAAAAFaEFwAAAAAAAAAAAAAAAFaEFwAAAAAAAAAAAAAAAFaEFwAAAAAAAAAAAAAAAFaEFwAAAAAAAAAAAAAAAFaEFwAAAAAAAAAAAAAAAFaEFwAAAAAAAAAAAAAAAFaEFwAAAAAAAAAAAAAAAFaEFwAAAAAAAAAAAAAAAFaEFwAAAAAAAAAAAAAAAFaEFwAAAAAAAAAAAAAAAFaEFwAAAAAAAAAAAAAAAFaEFwAAAAAAAAAAAAAAAFaEFwAAAAAAAAAAAAAAAFaEFwAAAAAAAAAAAAAAAFaEFwAAAAAAAAAAAAAAAFaEFwAAAAAAAAAAAAAAAFaEFwAAAAAAAAAAAAAAAFaEFwAAAAAAAAAAAAAAAFaEFwAAAAAAAAAAAAAAAFaEFwAAAAAAAAAAAAAAAFaEFwAAAAAAAAAAAAAAAFaEFwAAAAAAAAAAAAAAAFaEFwAAAAAAAAAAAAAAAFaEFwAAAAAAAAAAAAAAAFaEFxZUETYAAB/VSURBVAAAAAAAAAAAAAAAAFaEFwAAAAAAAAAAAAAAAFaEFwAAAAAAAAAAAAAAAFaEFwAAAAAAAAAAAAAAAFaEFwAAAAAAAAAAAAAAAFaEFwAAAAAAAAAAAAAAAFaEFwAAAAAAAAAAAAAAAFaEFwAAAAAAAAAAAAAAAFaEFwAAAAAAAAAAAAAAAFaEFwAAAAAAAAAAAAAAAFaEFwAAAAAAAAAAAAAAAFaEFwAAAAAAAAAAAAAAAFaEFwAAAAAAAAAAAAAAAFaEFwAAAAAAAAAAAAAAAFaEFwAAAAAAAAAAAAAAAFaEFwAAAAAAAAAAAAAAAFaEFwAAAAAAAAAAAAAAAFaEFwAAAAAAAAAAAAAAAFaEFwAAAAAAAAAAAAAAAFaEFwAAAAAAAAAAAAAAAFaEFwAAAAAAAAAAAAAAAFaEFwAAAAAAAAAAAAAAAFaEFwAAAAAAAAAAAAAAAFaEFwAAAAAAAAAAAAAAAFaEFwAAAAAAAAAAAAAAAFaEFwAAAAAAAAAAAAAAAFaEFwAAAAAAAAAAAAAAAFaEFwAAAAAAAAAAAAAAAFaEFwAAAAAAAAAAAAAAAFaEFwAAAAAAAAAAAAAAAFaEFwAAAAAAAAAAAAAAAFaEFwAAAAAAAAAAAAAAAFaEFwAAAAAAAAAAAAAAAFaEFwAAAAAAAAAAAAAAAFaEFwAAAAAAAAAAAAAAAFaEFwAAAAAAAAAAAAAAAFaEFwAAAAAAAAAAAAAAAFaEFwAAAAAAAAAAAAAAAFaEFwAAAAAAAAAAAAAAAFaEFwAAAAAAAAAAAAAAAFaEFwAAAAAAAAAAAAAAAFaEFwAAAAAAAAAAAAAAAFaEFwAAAAAAAAAAAAAAAFaEFwAAAAAAAAAAAAAAAFaEFwAAAAAAAAAAAAAAAFaEFwAAAAAAAAAAAAAAAFaEFwAAAAAAAAAAAAAAAFaEFwAAAAAAAAAAAAAAAFaEFwAAAAAAAAAAAAAAAFaEFwAAAAAAAAAAAAAAAFaEFwAAAAAAAAAAAAAAAFaEFwAAAAAAAAAAAAAAAFaEFwAAAAAAAAAAAAAAAFaEFwAAAAAAAAAAAAAAAFaEFwAAAAAAAAAAAAAAAFaEFwAAAAAAAAAAAAAAAFaEFwAAAAAAAAAAAAAAAFaEFwAAAAAAAAAAAAAAAFaEFwAAAAAAAAAAAAAAAFaEFwAAAAAAAAAAAAAAAFaEFwAAAAAAAAAAAAAAAFaEFwAAAAAAAAAAAAAAAFaEFwAAAAAAAAAAAAAAAFaEFwAAAAAAAAAAAAAAAFaEFwAAAAAAAAAAAAAAAFaEFwAAAAAAAAAAAAAAAFaEFwAAAAAAAAAAAAAAAFaEFwAAAAAAAAAAAAAAAFaEFwAAAAAAAAAAAAAAAFaEFwAAAAAAAAAAAAAAAFaEFwAAAAAAAAAAAAAAAFaEFwAAAAAAAAAAAAAAAFaEFwAAAAAAAAAAAAAAAFaEFwAAAAAAAAAAAAAAAFaEFwAAAAAAAAAAAAAAAFaEFwAAAAAAAAAAAAAAAFaEFwAAAAAAAAAAAAAAAFaEFwAAAAAAAAAAAAAAAFaEFwAAAAAAAAAAAAAAAFaEFwAAAAAAAAAAAAAAAFaEFwAAAAAAAAAAAAAAAFaEFwAAAAAAAAAAAAAAAFaEFwAAAAAAAAAAAAAAAFaEFwAAAAAAAAAAAAAAAFaEFwAAAAAAAAAAAAAAAFaEFwAAAAAAAAAAAAAAAFaEFwAAAAAAAAAAAAAAAFaEFwAAAAAAAAAAAAAAAFaEFwAAAAAAAAAAAAAAAFaEFwAAAAAAAAAAAAAAAFaEFwAAAAAAAAAAAAAAAFaEFwAAAAAAAAAAAAAAAFaEFwAAAAAAAAAAAAAAAFaEFwAAAAAAAAAAAAAAAFaEFwAAAAAAAAAAAAAAAFaEFwAAAAAAAAAAAAAAAFaEFwAAAAAAAAAAAAAAAFaEFwAAAAAAAAAAAAAAAFaEFwAAAAAAAAAAAAAAAFaEFwAAAAAAAAAAAAAAAFaEFwAAAAAAAAAAAAAAAFaEFwAAAAAAAAAAAAAAAFaEFwAAAAAAAAAAAAAAAFaEFwAg9u1YAAAAAGCQv/U0dpRHAAAAAAAAAAAAALAivAAAAAAAAAAAAAAAALAivAAAAAAAAAAAAAAAALAivAAAAAAAAAAAAAAAALAivAAAAAAAAAAAAAAAALAivAAAAAAAAAAAAAAAALAivAAAAAAAAAAAAAAAALAivAAAAAAAAAAAAAAAALAivAAAAAAAAAAAAAAAALAivAAAAAAAAAAAAAAAALAivAAAAAAAAAAAAAAAALAivAAAAAAAAAAAAAAAALAivAAAAAAAAAAAAAAAALAivAAAAAAAAAAAAAAAALAivAAAAAAAAAAAAAAAALAivAAAAAAAAAAAAAAAALAivAAAAAAAAAAAAAAAALAivAAAAAAAAAAAAAAAALAivAAAAAAAAAAAAAAAALAivAAAAAAAAAAAAAAAALAivAAAAAAAAAAAAAAAALAivAAAAAAAAAAAAAAAALAivAAAAAAAAAAAAAAAALAivAAAAAAAAAAAAAAAALAivAAAAAAAAAAAAAAAALAivAAAAAAAAAAAAAAAALAivAAAAAAAAAAAAAAAALAivAAAAAAAAAAAAAAAALAivAAAAAAAAAAAAAAAALAivAAAAAAAAAAAAAAAALAivAAAAAAAAAAAAAAAALAivAAAAAAAAAAAAAAAALAivAAAAAAAAAAAAAAAALAivAAAAAAAAAAAAAAAALAivAAAAAAAAAAAAAAAALAivAAAAAAAAAAAAAAAALAivAAAAAAAAAAAAAAAALAivAAAAAAAAAAAAAAAALAivAAAAAAAAAAAAAAAALAivAAAAAAAAAAAAAAAALAivAAAAAAAAAAAAAAAALAivAAAAAAAAAAAAAAAALAivAAAAAAAAAAAAAAAALAivAAAAAAAAAAAAAAAALAivAAAAAAAAAAAAAAAALAivAAAAAAAAAAAAAAAALAivAAAAAAAAAAAAAAAALAivAAAAAAAAAAAAAAAALAivAAAAAAAAAAAAAAAALAivAAAAAAAAAAAAAAAALAivAAAAAAAAAAAAAAAALAivAAAAAAAAAAAAAAAALAivAAAAAAAAAAAAAAAALAivAAAAAAAAAAAAAAAALAivAAAAAAAAAAAAAAAALAivAAAAAAAAAAAAAAAALAivAAAAAAAAAAAAAAAALAivAAAAAAAAAAAAAAAALAivAAAAAAAAAAAAAAAALAivAAAAAAAAAAAAAAAALAivAAAAAAAAAAAAAAAALAivAAAAAAAAAAAAAAAALAivAAAAAAAAAAAAAAAALAivAAAAAAAAAAAAAAAALAivAAAAAAAAAAAAAAAALAivAAAAAAAAAAAAAAAALAivAAAAAAAAAAAAAAAALAivAAAAAAAAAAAAAAAALAivAAAAAAAAAAAAAAAALAivAAAAAAAAAAAAAAAALAivAAAAAAAAAAAAAAAALAivAAAAAAAAAAAAAAAALAivAAAAAAAAAAAAAAAALAivAAAAAAAAAAAAAAAALAivAAAAAAAAAAAAAAAALAivAAAAAAAAAAAAAAAALAivAAAAAAAAAAAAAAAALAivAAAAAAAAAAAAAAAALAivAAAAAAAAAAAAAAAALAivAAAAAAAAAAAAAAAALAivAAAAAAAAAAAAAAAALAivAAAAAAAAAAAAAAAALAivAAAAAAAAAAAAAAAALAivAAAAAAAAAAAAAAAALAivAAAAAAAAAAAAAAAALAivAAAAAAAAAAAAAAAALAivAAAAAAAAAAAAAAAALAivAAAAAAAAAAAAAAAALAivAAAAAAAAAAAAAAAALAivAAAAAAAAAAAAAAAALAivAAAAAAAAAAAAAAAALAivAAAAAAAAAAAAAAAALAivAAAAAAAAAAAAAAAALAivAAAAAAAAAAAAAAAALAivAAAAAAAAAAAAAAAALAivAAAAAAAAAAAAAAAALAivAAAAAAAAAAAAAAAALAivAAAAAAAAAAAAAAAALAivAAAAAAAAAAAAAAAALAivAAAAAAAAAAAAAAAALAivAAAAAAAAAAAAAAAALAivAAAAAAAAAAAAAAAALAivAAAAAAAAAAAAAAAALAivAAAAAAAAAAAAAAAALAivAAAAAAAAAAAAAAAALAivAAAAAAAAAAAAAAAALAivAAAAAAAAAAAAAAAALAivAAAAAAAAAAAAAAAALAivAAAAAAAAAAAAAAAALAivAAAAAAAAAAAAAAAALAivAAAAAAAAAAAAAAAALAivAAAAAAAAAAAAAAAALAivAAAAAAAAAAAAAAAALAivAAAAAAAAAAAAAAAALAivAAAAAAAAAAAAAAAALAivAAAAAAAAAAAAAAAALAivAAAAAAAAAAAAAAAALAivAAAAAAAAAAAAAAAALAivAAAAAAAAAAAAAAAALAivAAAAAAAAAAAAAAAALAivAAAAAAAAAAAAAAAALAivAAAAAAAAAAAAAAAALAivAAAAAAAAAAAAAAAALAivAAAAAAAAAAAAAAAALAivAAAAAAAAAAAAAAAALAivAAAAAAAAAAAAAAAALAivAAAAAAAAAAAAAAAALAivAAAAAAAAAAAAAAAALAivAAAAAAAAAAAAAAAALAivAAAAAAAAAAAAAAAALAivAAAAAAAAAAAAAAAALAivAAAAAAAAAAAAAAAALAivAAAAAAAAAAAAAAAALAivAAAAAAAAAAAAAAAALAivAAAAAAAAAAAAAAAALAivAAAAAAAAAAAAAAAALAivAAAAAAAAAAAAAAAALAivAAAAAAAAAAAAAAAALAivAAAAAAAAAAAAAAAALAivAAAAAAAAAAAAAAAALAivAAAAAAAAAAAAAAAALAivAAAAAAAAAAAAAAAALAivAAAAAAAAAAAAAAAALAivAAAAAAAAAAAAAAAALAivAAAAAAAAAAAAAAAALAivAAAAAAAAAAAAAAAALAivAAAAAAAAAAAAAAAALAivAAAAAAAAAAAAAAAALAivAAAAAAAAAAAAAAAALAivAAAAAAAAAAAAAAAALAivAAAAAAAAAAAAAAAALAivAAAAAAAAAAAAAAAALAivAAAAAAAAAAAAAAAALAivAAAAAAAAAAAAAAAALAivAAAAAAAAAAAAAAAALAivAAAAAAAAAAAAAAAALAivAAAAAAAAAAAAAAAALAivAAAAAAAAAAAAAAAALAivAAAAAAAAAAAAAAAALAivAAAAAAAAAAAAAAAALAivAAAAAAAAAAAAAAAALAivAAAAAAAAAAAAAAAALAivAAAAAAAAAAAAAAAALAivAAAAAAAAAAAAAAAALAivAAAAAAAAAAAAAAAALAivAAAAAAAAAAAAAAAALAivAAAAAAAAAAAAAAAALAivAAAAAAAAAAAAAAAALAivAAAAAAAAAAAAAAAALAivAAAAAAAAAAAAAAAALAivAAAAAAAAAAAAAAAALAivAAAAAAAAAAAAAAAALAivAAAAAAAAAAAAAAAALAivAAAAAAAAAAAAAAAALAivAAAAAAAAAAAAAAAALAivAAAAAAAAAAAAAAAALAivAAAAAAAAAAAAAAAALAivAAAAAAAAAAAAAAAALAivAAAAAAAAAAAAAAAALAivAAAAAAAAAAAAAAAALAivAAAAAAAAAAAAAAAALAivAAAAAAAAAAAAAAAALAivAAAAAAAAAAAAAAAALAivAAAAAAAAAAAAAAAALAivAAAAAAAAAAAAAAAALAivAAAAAAAAAAAAAAAALAivAAAAAAAAAAAAAAAALAivAAAAAAAAAAAAAAAALAivAAAAAAAAAAAAAAAALAivAAAAAAAAAAAAAAAALAivAAAAAAAAAAAAAAAALAivAAAAAAAAAAAAAAAALAivAAAAAAAAAAAAAAAALAivAAAAAAAAAAAAAAAALAivAAAAAAAAAAAAAAAALAivAAAAAAAAAAAAAAAALAivAAAAAAAAAAAAAAAALAivAAAAAAAAAAAAAAAALAivAAAAAAAAAAAAAAAALAivAAAAAAAAAAAAAAAALAivAAAAAAAAAAAAAAAALAivAAAAAAAAAAAAAAAALAivAAAAAAAAAAAAAAAALAivAAAAAAAAAAAAAAAALAivAAAAAAAAAAAAAAAALAivAAAAAAAAAAAAAAAALAivAAAAAAAAAAAAAAAALAivAAAAAAAAAAAAAAAALAivAAAAAAAAAAAAAAAALAivAAAAAAAAAAAAAAAALAivAAAAAAAAAAAAAAAALAivAAAAAAAAAAAAAAAALAivAAAAAAAAAAAAAAAALAivAAAAAAAAAAAAAAAALAivAAAAAAAAAAAAAAAALAivAAAAAAAAAAAAAAAALAivAAAAAAAAAAAAAAAALAivAAAAAAAAAAAAAAAALAivAAAAAAAAAAAAAAAALAivAAAAAAAAAAAAAAAALAivAAAAAAAAAAAAAAAALAivAAAAAAAAAAAAAAAALAivAAAAAAAAAAAAAAAALAivAAAAAAAAAAAAAAAALAivAAAAAAAAAAAAAAAALAivAAAAAAAAAAAAAAAALAivAAAAAAAAAAAAAAAALAivAAAAAAAAAAAAAAAALAivAAAAAAAAAAAAAAAALAivAAAAAAAAAAAAAAAALAivAAAAAAAAAAAAAAAALAivAAAAAAAAAAAAAAAALAivAAAAAAAAAAAAAAAALAivAAAAAAAAAAAAAAAALAivAAAAAAAAAAAAAAAALAivAAAAAAAAAAAAAAAALAivAAAAAAAAAAAAAAAALAivAAAAAAAAAAAAAAAALAivAAAAAAAAAAAAAAAALAivAAAAAAAAAAAAAAAALAivAAAAAAAAAAAAAAAALAivAAAAAAAAAAAAAAAALAivAAAAAAAAAAAAAAAALAivAAAAAAAAAAAAAAAALAivAAAAAAAAAAAAAAAALAivAAAAAAAAAAAAAAAALAivAAAAAAAAAAAAAAAALAivAAAAAAAAAAAAAAAALAivAAAAAAAAAAAAAAAALAivAAAAAAAAAAAAAAAALAivAAAAAAAAAAAAAAAALAivAAAAAAAAAAAAAAAALAivAAAAAAAAAAAAAAAALAivAAAAAAAAAAAAAAAALAivAAAAAAAAAAAAAAAALAivAAAAAAAAAAAAAAAALAivAAAAAAAAAAAAAAAALAivAAAAAAAAAAAAAAAALAivAAAAAAAAAAAAAAAALAivAAAAAAAAAAAAAAAALAivAAAAAAAAAAAAAAAALAivAAAAAAAAAAAAAAAALAivAAAAAAAAAAAAAAAALAivAAAAAAAAAAAAAAAALAivAAAAAAAAAAAAAAAALAivAAAAAAAAAAAAAAAALAivAAAAAAAAAAAAAAAALAivAAAAAAAAAAAAAAAALAivAAAAAAAAAAAAAAAALAivAAAAAAAAAAAAAAAALAivAAAAAAAAAAAAAAAALAivAAAAAAAAAAAAAAAALAivAAAAAAAAAAAAAAAALAivAAAAAAAAAAAAAAAALAivAAAAAAAAAAAAAAAALAivAAAAAAAAAAAAAAAALAivAAAAAAAAAAAAAAAALAivAAAAAAAAAAAAAAAALAivAAAAAAAAAAAAAAAALAivAAAAAAAAAAAAAAAALAivAAAAAAAAAAAAAAAALAivAAAAAAAAAAAAAAAALAivAAAAAAAAAAAAAAAALAivAAAAAAAAAAAAAAAALAivAAAAAAAAAAAAAAAALAivAAAAAAAAAAAAAAAALAivAAAAAAAAAAAAAAAALAivAAAAAAAAAAAAAAAALAivAAAAAAAAAAAAAAAALAivAAAAAAAAAAAAAAAALAivAAAAAAAAAAAAAAAALAivAAAAAAAAAAAAAAAALAivAAAAAAAAAAAAAAAALAivAAAAAAAAAAAAAAAALAivAAAAAAAAAAAAAAAALAivAAAAAAAAAAAAAAAALAivAAAAAAAAAAAAAAAALAivAAAAAAAAAAAAAAAALAivAAAAAAAAAAAAAAAALAivAAAAAAAAAAAAAAAALAivAAAAAAAAAAAAAAAALAivAAAAAAAAAAAAAAAALAivAAAAAAAAAAAAAAAALAivAAAAAAAAAAAAAAAALAivAAAAAAAAAAAAAAAALAivAAAAAAAAAAAAAAAALAivAAAAAAAAAAAAAAAALAivAAAAAAAAAAAAAAAALAivAAAAAAAAAAAAAAAALAivAAAAAAAAAAAAAAAALAivAAAAAAAAAAAAAAAALAivAAAAAAAAAAAAAAAALAivAAAAAAAAAAAAAAAALAivAAAAAAAAAAAAAAAALAivAAAAAAAAAAAAAAAALAivAAAAAAAAAAAAAAAALAivAAAAAAAAAAAAAAAALAivAAAAAAAAAAAAAAAALAivAAAAAAAAAAAAAAAALAivAAAAAAAAAAAAAAAALAivAAAAAAAAAAAAAAAALAivAAAAAAAtW/HAgAAAACD/K2nsaM8AgAAAAAAAIAV4QUAAAAAAAAAAAAAAIAV4QUAAAAAAAAAAAAAAIAV4QUAAAAAAAAAAAAAAIAV4QUAAAAAAAAAAAAAAIAV4QUAAAAAAAAAAAAAAIAV4QUAAAAAAAAAAAAAAIAV4QUAAAAAAAAAAAAAAIAV4QUAAAAAAAAAAAAAAIAV4QUAAAAAAAAAAAAAAIAV4QUAAAAAAAAAAAAAAIAV4QUAAAAAAAAAAAAAAIAV4QUAAAAAAAAAAAAAAIAV4QUAAAAAAAAAAAAAAIAV4QUAAAAAAAAAAAAAAIAV4QUAAAAAAAAAAAAAAIAV4QUAAAAAAAAAAAAAAIAV4QUAAAAAAAAAAAAAAIAV4QUAAAAAAAAAAAAAAIAV4QUAAAAAAAAAAAAAAIAV4QUAAAAAAAAAAAAAAIAV4QUAAAAAAAAAAAAAAIAV4QUAAAAAAAAAAAAAAIAV4QUAAAAAAAAAAAAAAIAV4QUAAAAAAAAAAAAAAIAV4QUAAAAAAAAAAAAAAIAV4QUAAAAAAAAAAAAAAIAV4QUAAAAAAAAAAAAAAIAV4QUAAAAAAAAAAAAAAIAV4QUAAAAAAAAAAAAAAIAV4QUAAAAAAAAAAAAAAIAV4QUAAAAAAAAAAAAAAIAV4QUAAAAAAAAAAAAAAIAV4QUAAAAAAAAAAAAAAIAV4QUAAAAAAAAAAAAAAIAV4QUAAAAAAAAAAAAAAIAV4QUAAAAAAAAAAAAAAIAV4QUAAAAAAAAAAAAAAIAV4QUAAAAAAAAAAAAAAIAV4QUAAAAAAAAAAAAAAIAV4QUAAAAAAAAAAAAAAIAV4QUAAAAAAAAAAAAAAIAV4QUAAAAAAAAAAAAAAIAV4QUAAAAAAAAAAAAAAIAV4QUAAAAAAAAAAAAAAIAV4QUAAAAAAAAAAAAAAIAV4QUAAAAAAAAAAAAAAIAV4QUAAAAAAAAAAAAAAIAV4QUAAAAAAAAAAAAAAIAV4QUAAAAAAAAAAAAAAIAV4QUAAAAAAAAAAAAAAIAV4QUAAAAAAAAAAAAAAIAV4QUAAAAAAAAAAAAAAIAV4QUAAAAAAAAAAAAAAIAV4QUAAAAAAAAAAAAAAIAV4QUAAAAAAAAAAAAAAIAV4QUAAAAAAAAAAAAAAIAV4QUAAAAAAAAAAAAAAIAV4QUAAAAAAAAAAAAAAIAV4QUAAAAAAAAAAAAAAIAV4QUAAAAAAAAAAAAAAIAV4QUAAAAAAAAAAAAAAIAV4QUAAAAAAAAAAAAAAIAV4QUAAAAAAAAAAAAAAIAV4QUAAAAAAAAAAAAAAIAV4QUAAAAAAAAAAAAAAIAV4QUAAAAAAAAAAAAAAIAV4QUAAAAAAAAAAAAAAIAV4QUAAAAAAAAAAAAAAIAV4QUAAAAAAAAAAAAAAIAV4QUAAAAAAAAAAAAAAIAV4QUAAAAAAAAAAAAAAIAV4QUAAAAAAAAAAAAAAIAV4QUAAAAAAAAAAAAAAIAV4QUAAAAAAAAAAAAAAIAV4QUAAAAAAAAAAAAAAIAV4QUAAAAAAAAAAAAAAIAV4QUAAAAAAAAAAAAAAIAV4QUAAAAAAAAAAAAAAIAV4QUAAAAAAAAAAAAAAIAV4QUAAAAAAAAAAAAAAIAV4QUAAAAAAAAAAAAAAIAV4QUAAAAAAAAAAAAAAIAV4QUAAAAAAAAAAAAAAIAV4QUAAAAAAAAAAAAAAIAV4QUAAAAAAAAAAAAAAIAV4QUAAAAAAAAAAAAAAIAV4QUAAAAAAAAAAAAAAIAV4QUAAAAAAAAAAAAAAIAV4QUAAAAAAAAAAAAAAIAV4QUAAAAAAAAAAAAAAIAV4QUAAAAAAAAAAAAAAIAV4QUAAAAAAAAAAAAAAIAV4QUAAAAAAAAAAAAAAIAV4QUAAAAAAAAAAAAAAIAV4QUAAAAAAAAAAAAAAIAV4QUAAAAAAAAAAAAAAIAV4QUAAAAAAAAAAAAAAIAV4QUAAAAAAAAAAAAAAIAV4QUAAAAAAAAAAAAAAIAV4QUAAAAAAAAAAAAAAIAV4QUAAAAAAAAAAAAAAIAV4QUAAAAAAAAAAAAAAIAV4QUAAAAAAAAAAAAAAIAV4QUAAAAAAAAAAAAAAIAV4QUAAAAAAAAAAAAAAIAV4QUAAAAAAAAAAAAAAIAV4QUAAAAAAAAAAAAAAIAV4QUAAAAAAAAAAAAAAIAV4QUAAAAAAAAAAAAAAIAV4QUAAAAAAAAAAAAAAIAV4QUAAAAAAAAAAAAAAIAV4QUAAAAAAAAAAAAAAIAV4QUAAAAAAAAAAAAAAIAV4QUAAAAAAAAAAAAAAIAV4QUAAAAAAAAAAAAAAIAV4QUAAAAAAAAAAAAAAICVAAZYEiJW3TjUAAAAAElFTkSuQmCC"`;
