// Jest Snapshot v1, https://goo.gl/fbAQLP

exports[`ImageProcessor creates placeholder canvas 1`] = `"data:image/png;base64,iVBORw0KGgoAAAANSUhEUgAADLwAAAQ4CAYAAAC5PSSxAAAABmJLR0QA/wD/AP+gvaeTAAAgAElEQVR4nOzbsQ3DMBAEQVn1sP9GyH6kVKETwmtoJv7g4gf2M+e8DgAAAIAXGGN8dbfW2rwEAAAAYC9/EAAAAODfnb8eAAAAAAAAAAAAAAAAAE+CFwAAAAAAAAAAAAAAAFIELwAAAAAAAAAAAAAAAKQIXgAAAAAAAAAAAAAAAEgRvAAAAAAAAAAAAAAAAJAieAEAAAAAAAAAAAAAACBF8AIAAAAAAAAAAAAAAECK4AUAAAAAAAAAAAAAAIAUwQsAAAAAAAAAAAAAAAApghcAAAAAAAAAAAAAAABSBC8AAAAAAAAAAAAAAACkCF4AAAAAAAAAAAAAAABIEbwAAAAAAAAAAAAAAACQIngBAAAAAAAAAAAAAAAgRfACAAAAAAAAAAAAAABAiuAFAAAAAAAAAAAAAACAFMELAAAAAAAAAAAAAAAAKYIXAAAAAAAAAAAAAAAAUgQvAAAAAAAAAAAAAAAApAheAAAAAAAAAAAAAAAASBG8AAAAAAAAAAAAAAAAkCJ4AQAAAAAAAAAAAAAAIEXwAgAAAAAAAAAAAAAAQIrgBQAAAAAAAAAAAAAAgBTBCwAAAAAAAAAAAAAAACmCFwAAAAAAAAAAAAAAAFIELwAAAAAAAAAAAAAAAKQIXgAAAAAAAAAAAAAAAEgRvAAAAAAAAAAAAAAAAJAieAEAAAAAAAAAAAAAACBF8AIAAAAAAAAAAAAAAECK4AUAAAAAAAAAAAAAAIAUwQsAAAAAAAAAAAAAAAApghcAAAAAAAAAAAAAAABSBC8AAAAAAAAAAAAAAACkCF4AAAAAAAAAAAAAAABIEbwAAAAAAAAAAAAAAACQIngBAAAAAAAAAAAAAAAgRfACAAAAAAAAAAAAAABAiuAFAAAAAAAAAAAAAACAFMELAAAAAAAAAAAAAAAAKYIXAAAAAAAAAAAAAAAAUgQvAAAAAAAAAAAAAAAApAheAAAAAAAAAAAAAAAASBG8AAAAAAAAAAAAAAAAkCJ4AQAAAAAAAAAAAAAAIEXwAgAAAAAAAAAAAAAAQIrgBQAAAAAAAAAAAAAAgBTBCwAAAAAAAAAAAAAAACmCFwAAAAAAAAAAAAAAAFIELwAAAAAAAAAAAAAAAKQIXgAAAAAAAAAAAAAAAEgRvAAAAAAAAAAAAAAAAJAieAEAAAAAAAAAAAAAACBF8AIAAAAAAAAAAAAAAECK4AUAAAAAAAAAAAAAAIAUwQsAAAAAAAAAAAAAAAApghcAAAAAAAAAAAAAAABSBC8AAAAAAAAAAAAAAACkCF4AAAAAAAAAAAAAAABIEbwAAAAAAAAAAAAAAACQIngBAAAAAAAAAAAAAAAgRfACAAAAAAAAAAAAAABAiuAFAAAAAAAAAAAAAACAFMELAAAAAAAAAAAAAAAAKYIXAAAAAAAAAAAAAAAAUgQvAAAAAAAAAAAAAAAApAheAAAAAAAAAAAAAAAASBG8AAAAAAAAAAAAAAAAkCJ4AQAAAAAAAAAAAAAAIEXwAgAAAAAAAAAAAAAAQIrgBQAAAAAAAAAAAAAAgBTBCwAAAAAAAAAAAAAAACmCFwAAAAAAAAAAAAAAAFIELwAAAAAAAAAAAAAAAKQIXgAAAAAAAAAAAAAAAEgRvAAAAAAAAAAAAAAAAJAieAEAAAAAAAAAAAAAACBF8AIAAAAAAAAAAAAAAECK4AUAAAAAAAAAAAAAAIAUwQsAAAAAAAAAAAAAAAApghcAAAAAAAAAAAAAAABSBC8AAAAAAAAAAAAAAACkCF4AAAAAAAAAAAAAAABIEbwAAAAAAAAAAAAAAACQIngBAAAAAAAAAAAAAAAgRfACAAAAAAAAAAAAAABAiuAFAAAAAAAAAAAAAACAFMELAAAAAAAAAAAAAAAAKYIXAAAAAAAAAAAAAAAAUgQvAAAAAAAAAAAAAAAApAheAAAAAAAAAAAAAAAASBG8AAAAAAAAAAAAAAAAkCJ4AQAAAAAAAAAAAAAAIEXwAgAAAAAAAAAAAAAAQIrgBQAAAAAAAAAAAAAAgBTBCwAAAAAAAAAAAAAAACmCFwAAAAAAAAAAAAAAAFIELwAAAAAAAAAAAAAAAKQIXgAAAAAAAAAAAAAAAEgRvAAAAAAAAAAAAAAAAJAieAEAAAAAAAAAAAAAACBF8AIAAAAAAAAAAAAAAECK4AUAAAAAAAAAAAAAAIAUwQsAAAAAAAAAAAAAAAApghcAAAAAAAAAAAAAAABSBC8AAAAAAAAAAAAAAACkCF4AAAAAAAAAAAAAAABIEbwAAAAAAAAAAAAAAACQIngBAAAAAAAAAAAAAAAgRfACAAAAAAAAAAAAAABAiuAFAAAAAAAAAAAAAACAFMELAAAAAAAAAAAAAAAAKYIXAAAAAAAAAAAAAAAAUgQvAAAAAAAAAAAAAAAApAheAAAAAAAAAAAAAAAASBG8AAAAAAAAAAAAAAAAkCJ4AQAAAAAAAAAAAAAAIEXwAgAAAAAAAAAAAAAAQIrgBQAAAAAAAAAAAAAAgBTBCwAAAAAAAAAAAAAAACmCFwAAAAAAAAAAAAAAAFIELwAAAAAAAAAAAAAAAKQIXgAAAAAAAAAAAAAAAEgRvAAAAAAAAAAAAAAAAJAieAEAAAAAAAAAAAAAACBF8AIAAAAAAAAAAAAAAECK4AUAAAAAAAAAAAAAAIAUwQsAAAAAAAAAAAAAAAApghcAAAAAAAAAAAAAAABSBC8AAAAAAAAAAAAAAACkCF4AAAAAAAAAAAAAAABIEbwAAAAAAAAAAAAAAACQIngBAAAAAAAAAAAAAAAgRfACAAAAAAAAAAAAAABAiuAFAAAAAAAAAAAAAACAFMELAAAAAAAAAAAAAAAAKYIXAAAAAAAAAAAAAAAAUgQvAAAAAAAAAAAAAAAApAheAAAAAAAAAAAAAAAASBG8AAAAAAAAAAAAAAAAkCJ4AQAAAAAAAAAAAAAAIEXwAgAAAAAAAAAAAAAAQIrgBQAAAAAAAAAAAAAAgBTBCwAAAAAAAAAAAAAAACmCFwAAAAAAAAAAAAAAAFIELwAAAAAAAAAAAAAAAKQIXgAAAAAAAAAAAAAAAEgRvAAAAAAAAAAAAAAAAJAieAEAAAAAAAAAAAAAACBF8AIAAAAAAAAAAAAAAECK4AUAAAAAAAAAAAAAAIAUwQsAAAAAAAAAAAAAAAApghcAAAAAAAAAAAAAAABSBC8AAAAAAAAAAAAAAACkCF4AAAAAAAAAAAAAAABIEbwAAAAAAAAAAAAAAACQIngBAAAAAAAAAAAAAAAgRfACAAAAAAAAAAAAAABAiuAFAAAAAAAAAAAAAACAFMELAAAAAAAAAAAAAAAAKYIXAAAAAAAAAAAAAAAAUgQvAAAAAAAAAAAAAAAApAheAAAAAAAAAAAAAAAASBG8AAAAAAAAAAAAAAAAkCJ4AQAAAAAAAAAAAAAAIEXwAgAAAAAAAAAAAAAAQIrgBQAAAAAAAAAAAAAAgBTBCwAAAAAAAAAAAAAAACmCFwAAAAAAAAAAAAAAAFIELwAAAAAAAAAAAAAAAKQIXgAAAAAAAAAAAAAAAEgRvAAAAAAAAAAAAAAAAJAieAEAAAAAAAAAAAAAACBF8AIAAAAAAAAAAAAAAECK4AUAAAAAAAAAAAAAAIAUwQsAAAAAAAAAAAAAAAApghcAAAAAAAAAAAAAAABSBC8AAAAAAAAAAAAAAACkCF4AAAAAAAAAAAAAAABIEbwAAAAAAAAAAAAAAACQIngBAAAAAAAAAAAAAAAgRfACAAAAAAAAAAAAAABAiuAFAAAAAAAAAAAAAACAFMELAAAAAAAAAAAAAAAAKYIXAAAAAAAAAAAAAAAAUgQvAAAAAAAAAAAAAAAApAheAAAAAAAAAAAAAAAASBG8AAAAAAAAAAAAAAAAkCJ4AQAAAAAAAAAAAAAAIEXwAgAAAAAAAAAAAAAAQIrgBQAAAAAAAAAAAAAAgBTBCwAAAAAAAAAAAAAAACmCFwAAAAAAAAAAAAAAAFIELwAAAAAAAAAAAAAAAKQIXgAAAAAAAAAAAAAAAEgRvAAAAAAAAAAAAAAAAJAieAEAAAAAAAAAAAAAACBF8AIAAAAAAAAAAAAAAECK4AUAAAAAAAAAAAAAAIAUwQsAAAAAAAAAAAAAAAApghcAAAAAAAAAAAAAAABSBC8AAAAAAAAAAAAAAACkCF4AAAAAAAAAAAAAAABIEbwAAAAAAAAAAAAAAACQIngBAAAAAAAAAAAAAAAgRfACAAAAAAAAAAAAAABAiuAFAAAAAAAAAAAAAACAFMELAAAAAAAAAAAAAAAAKYIXAAAAAAAAAAAAAAAAUgQvAAAAAAAAAAAAAAAApAheAAAAAAAAAAAAAAAASBG8AAAAAAAAAAAAAAAAkCJ4AQAAAAAAAAAAAAAAIEXwAgAAAAAAAAAAAAAAQIrgBQAAAAAAAAAAAAAAgBTBCwAAAAAAAAAAAAAAACmCFwAAAAAAAAAAAAAAAFIELwAAAAAAAAAAAAAAAKQIXgAAAAAAAAAAAAAAAEgRvAAAAAAAAAAAAAAAAJAieAEAAAAAAAAAAAAAACBF8AIAAAAAAAAAAAAAAECK4AUAAAAAAAAAAAAAAIAUwQsAAAAAAAAAAAAAAAApghcAAAAAAAAAAAAAAABSBC8AAAAAAAAAAAAAAACkCF4AAAAAAAAAAAAAAABIEbwAAAAAAAAAAAAAAACQIngBAAAAAAAAAAAAAAAgRfACAAAAAAAAAAAAAABAiuAFAAAAAAAAAAAAAACAFMELAAAAAAAAAAAAAAAAKYIXAAAAAAAAAAAAAAAAUgQvAAAAAAAAAAAAAAAApAheAAAAAAAAAAAAAAAASBG8AAAAAAAAAAAAAAAAkCJ4AQAAAAAAAAAAAAAAIEXwAgAAAAAAAAAAAAAAQIrgBQAAAAAAAAAAAAAAgBTBCwAAAAAAAAAAAAAAACmCFwAAAAAAAAAAAAAAAFIELwAAAAAAAAAAAAAAAKQIXgAAAAAAAAAAAAAAAEgRvAAAAAAAAAAAAAAAAJAieAEAAAAAAAAAAAAAACBF8AIAAAAAAAAAAAAAAECK4AUAAAAAAAAAAAAAAIAUwQsAAAAAAAAAAAAAAAApghcAAAAAAAAAAAAAAABSBC8AAAAAAAAAAAAAAACkCF4AAAAAAAAAAAAAAABIEbwAAAAAAAAAAAAAAACQIngBAAAAAAAAAAAAAAAgRfACAAAAAAAAAAAAAABAiuAFAAAAAAAAAAAAAACAFMELAAAAAAAAAAAAAAAAKYIXAAAAAAAAAAAAAAAAUgQvAAAAAAAAAAAAAAAApAheAAAAAAAAAAAAAAAASBG8AAAAAAAAAAAAAAAAkCJ4AQAAAAAAAAAAAAAAIEXwAgAAAAAAAAAAAAAAQIrgBQAAAAAAAAAAAAAAgBTBCwAAAAAAAAAAAAAAACmCFwAAAAAAAAAAAAAAAFIELwAAAAAAAAAAAAAAAKQIXgAAAAAAAAAAAAAAAEgRvAAAAAAAAAAAAAAAAJAieAEAAAAAAAAAAAAAACBF8AIAAAAAAAAAAAAAAECK4AUAAAAAAAAAAAAAAIAUwQsAAAAAAAAAAAAAAAApghcAAAAAAAAAAAAAAABSBC8AAAAAAAAAAAAAAACkCF4AAAAAAAAAAAAAAABIEbwAAAAAAAAAAAAAAACQIngBAAAAAAAAAAAAAAAgRfACAAAAAAAAAAAAAABAiuAFAAAAAAAAAAAAAACAFMELAAAAAAAAAAAAAAAAKYIXAAAAAAAAAAAAAAAAUgQvAAAAAAAAAAAAAAAApAheAAAAAAAAAAAAAAAASBG8AAAAAAAAAAAAAAAAkCJ4AQAAAAAAAAAAAAAAIEXwAgAAAAAAAAAAAAAAQIrgBQAAAAAAAAAAAAAAgBTBCwAAAAAAAAAAAAAAACmCFwAAAAAAAAAAAAAAAFIELwAAAAAAAAAAAAAAAKQIXgAAAAAAAAAAAAAAAEgRvAAAAAAAAAAAAAAAAJAieAEAAAAAAAAAAAAAACBF8AIAAAAAAAAAAAAAAECK4AUAAAAAAAAAAAAAAIAUwQsAAAAAAAAAAAAAAAApghcAAAAAAAAAAAAAAABSBC8AAAAAAAAAAAAAAACkCF4AAAAAAAAAAAAAAABIEbwAAAAAAAAAAAAAAACQIngBAAAAAAAAAAAAAAAgRfACAAAAAAAAAAAAAABAiuAFAAAAAAAAAAAAAACAFMELAAAAAAAAAAAAAAAAKYIXAAAAAAAAAAAAAAAAUgQvAAAAAAAAAAAAAAAApAheAAAAAAAAAAAAAAAASBG8AAAAAAAAAAAAAAAAkCJ4AQAAAAAAAAAAAAAAIEXwAgAAAAAAAAAAAAAAQIrgBQAAAAAAAAAAAAAAgBTBCwAAAAAAAAAAAAAAACmCFwAAAAAAAAAAAAAAAFIELwAAAAAAAAAAAAAAAKQIXgAAAAAAAAAAAAAAAEgRvAAAAAAAAAAAAAAAAJAieAEAAAAAAAAAAAAAACBF8AIAAAAAAAAAAAAAAECK4AUAAAAAAAAAAAAAAG727VgAAAAAYJC/9TR2lEfAivACAAAAAAAAAAAAAADAivACAAAAAAAAAAAAAADAivACAAAAAAAAAAAAAADAivACAAAAAAAAAAAAAADAivACAAAAAAAAAAAAAADAivACAAAAAAAAAAAAAADAivACAAAAAAAAAAAAAADAivACAAAAAAAAAAAAAADAivACAAAAAAAAAAAAAADAivACAAAAAAAAAAAAAADAivACAAAAAAAAAAAAAADAivACAAAAAAAAAAAAAADAivACAAAAAAAAAAAAAADAivACAAAAAAAAAAAAAADAivACAAAAAAAAAAAAAADAivACAAAAAAAAAAAAAADAivACAAAAAAAAAAAAAADAivACAAAAAAAAAAAAAADAivACAAAAAAAAAAAAAADAivACAAAAAAAAAAAAAADAivACAAAAAAAAAAAAAADAivACAAAAAAAAAAAAAADAivACAAAAAAAAAAAAAADAivACAAAAAAAAAAAAAADAivACAAAAAAAAAAAAAADAivACAAAAAAAAAAAAAADAivACAAAAAAAAAAAAAADAivACAAAAAAAAAAAAAADAivACAAAAAAAAAAAAAADAivACAAAAAAAAAAAAAADAivACAAAAAAAAAAAAAADAivACAAAAAAAAAAAAAADAivACAAAAAAAAAAAAAADAivACAAAAAAAAAAAAAADAivACAAAAAAAAAAAAAADAivACAAAAAAAAAAAAAADAivACAAAAAAAAAAAAAADAivACAAAAAAAAAAAAAADAivACAAAAAAAAAAAAAADAivACAAAAAAAAAAAAAADAivACAAAAAAAAAAAAAADAivACAAAAAAAAAAAAAADAivACAAAAAAAAAAAAAADAivACAAAAAAAAAAAAAADAivACAAAAAAAAAAAAAADAivACAAAAAAAAAAAAAADAivACAAAAAAAAAAAAAADAivACAAAAAAAAAAAAAADAivACAAAAAAAAAAAAAADAivACAAAAAAAAAAAAAADAivACAAAAAAAAAAAAAADAivACAAAAAAAAAAAAAADAivACAAAAAAAAAAAAAADAivACAAAAAAAAAAAAAADAivACAAAAAAAAAAAAAADAivACAAAAAAAAAAAAAADAivACAAAAAAAAAAAAAADAivACAAAAAAAAAAAAAADAivACAAAAAAAAAAAAAADAivACAAAAAAAAAAAAAADAivACAAAAAAAAAAAAAADAivACAAAAAAAAAAAAAADAivACAAAAAAAAAAAAAADAivACAAAAAAAAAAAAAADAivACAAAAAAAAAAAAAADAivACAAAAAAAAAAAAAADAivACAAAAAAAAAAAAAADAivACAAAAAAAAAAAAAADAivACAAAAAAAAAAAAAADAivACAAAAAAAAAAAAAADAivACAAAAAAAAAAAAAADAivACAAAAAAAAAAAAAADAivACAAAAAAAAAAAAAADAivACAAAAAAAAAAAAAADAivACAAAAAAAAAAAAAADAivACAAAAAAAAAAAAAADAivACAAAAAAAAAAAAAADAivACAAAAAAAAAAAAAADAivACAAAAAAAAAAAAAADAivACAAAAAAAAAAAAAADAivACAAAAAAAAAAAAAADAivACAAAAAAAAAAAAAADAivACAAAAAAAAAAAAAADAivACAAAAAAAAAAAAAADAivACAAAAAAAAAAAAAADAivACAAAAAAAAAAAAAADAivACAAAAAAAAAAAAAADAivACAAAAAAAAAAAAAADAivACAAAAAAAAAAAAAADAivACAAAAAAAAAAAAAADAivACAAAAAAAAAAAAAADAivACAAAAAAAAAAAAAADAivACAAAAAAAAAAAAAADAivACAAAAAAAAAAAAAADAivACAAAAAAAAAAAAAADAivACAAAAAAAAAAAAAADAivACAAAAAAAAAAAAAADAivACAAAAAAAAAAAAAADAivACAAAAAAAAAAAAAADAivACAAAAAAAAAAAAAADAivACAAAAAAAAAAAAAADAivACAAAAAAAAAAAAAADAivACAAAAAAAAAAAAAADAivACAAAAAAAAAAAAAADAivACAAAAAAAAAAAAAADAivACAAAAAAAAAAAAAADAivACAAAAAAAAAAAAAADAivACAAAAAAAAAAAAAADAivACAAAAAAAAAAAAAADAivACAAAAAAAAAAAAAADAivACAAAAAAAAAAAAAADAivACAAAAAAAAAAAAAADAivACAAAAAAAAAAAAAADAivACAAAAAAAAAAAAAADAivACAAAAAAAAAAAAAADAivACAAAAAAAAAAAAAADAivACAAAAAAAAAAAAAADAivACAAAAAAAAAAAAAADAivACAAAAAAAAAAAAAADAivACAAAAAAAAAAAAAADAivACAAAAAAAAAAAAAADAivACAAAAAAAAAAAAAADAivACAAAAAAAAAAAAAADAivACAAAAAAAAAAAAAADAivACAAAAAAAAAAAAAADAivACAAAAAAAAAAAAAADAivACAAAAAAAAAAAAAADAivACAAAAAAAAAAAAAADAivACAAAAAAAAAAAAAADAivACAAAAAAAAAAAAAADAivACAAAAAAAAAAAAAADAivACAAAAAAAAAAAAAADAivACAAAAAAAAAAAAAADAivACAAAAAAAAAAAAAADAivACAAAAAAAAAAAAAADAivACAAAAAAAAAAAAAADAivACAAAAAAAAAAAAAADAivACAAAAAAAAAAAAAADAivACAAAAAAAAAAAAAADAivACAAAAAAAAAAAAAADAivACAAAAAAAAAAAAAADAivACAAAAAAAAAAAAAADAivACAAAAAAAAAAAAAADAivACAAAAAAAAAAAAAADAivACAAAAAAAAAAAAAADAivACAAAAAAAAAAAAAADAivACAAAAAAAAAAAAAADAivACAAAAAAAAAAAAAADAivACAAAAAAAAAAAAAADAivACAAAAAAAAAAAAAADAivACAAAAAAAAAAAAAADAivACAAAAAAAAAAAAAADAivACAAAAAAAAAAAAAADAivACAAAAAAAAAAAAAADAivACAAAAAAAAAAAAAADAivACAAAAAAAAAAAAAADAivACAAAAAAAAAAAAAADAivACAAAAAAAAAAAAAADAivACAAAAAAAAAAAAAADAivACAAAAAAAAAAAAAADAivACAAAAAAAAAAAAAADAivACAAAAAAAAAAAAAADAivACAAAAAAAAAAAAAADAivACAAAAAAAAAAAAAADAivACAAAAAAAAAAAAAADAivACAAAAAAAAAAAAAADAivACAAAAAAAAAAAAAADAivACAAAAAAAAAAAAAADAivACAAAAAAAAAAAAAADAivACAAAAAAAAAAAAAADAivACAAAAAAAAAAAAAADAivACAAAAAAAAAAAAAADAivACAAAAAAAAAAAAAADAivACAAAAAAAAAAAAAADAivACAAAAAAAAAAAAAADAivACAAAAAAAAAAAAAADAivACAAAAAAAAAAAAAADAivACAAAAAAAAAAAAAADAivACAAAAAAAAAAAAAADAivACAAAAAAAAAAAAAADAivACAAAAAAAAAAAAAADAivACAAAAAAAAAAAAAADAivACAAAAAAAAAAAAAADAivACAAAAAAAAAAAAAADAivACAAAAAAAAAAAAAADAivACAAAAAAAAAAAAAADAivACAAAAAAAAAAAAAADAivACAAAAAAAAAAAAAADAivACAAAAAAAAAAAAAADAivACAAAAAAAAAAAAAADAivACAAAAAAAAAAAAAADAivACAAAAAAAAAAAAAADAivACAAAAAAAAAAAAAADAivACAAAAAAAAAAAAAADAivACAAAAAAAAAAAAAADAivACAAAAAAAAAAAAAADAivACAAAAAAAAAAAAAADAivACAAAAAAAAAAAAAADAivACAAAAAAAAAAAAAADAivACAAAAAAAAAAAAAADAivACAAAAAAAAAAAAAADAivACAAAAAAAAAAAAAADAivACAAAAAAAAAAAAAADAivACAAAAAAAAAAAAAADAivACAAAAAAAAAAAAAADAivACAAAAAAAAAAAAAADAivACAAAAAAAAAAAAAADAivACAAAAAAAAAAAAAADAivACAAAAAAAAAAAAAADAivACAAAAAAAAAAAAAADAivACAAAAAAAAAAAAAADAivACAAAAAAAAAAAAAADAivACAAAAAAAAAAAAAADAivACAAAAAAAAAAAAAADAivACAAAAAAAAAAAAAADAivACAAAAAAAAAAAAAADAivACAAAAAAAAAAAAAADAivACAAAAAAAAAAAAAADAivACANm7CTQAAB/TSURBVAAAAAAAAAAAAADAivACAAAAAAAAAAAAAADAivACAAAAAAAAAAAAAADAivACAAAAAAAAAAAAAADAivACAAAAAAAAAAAAAADAivACAAAAAAAAAAAAAADAivACAAAAAAAAAAAAAADAivACAAAAAAAAAAAAAADAivACAAAAAAAAAAAAAADAivACAAAAAAAAAAAAAADAivACAAAAAAAAAAAAAADAivACAAAAAAAAAAAAAADAivACAAAAAAAAAAAAAADAivACAAAAAAAAAAAAAADAivACAAAAAAAAAAAAAADAivACAAAAAAAAAAAAAADAivACAAAAAAAAAAAAAADAivACAAAAAAAAAAAAAADAivACAAAAAAAAAAAAAADAivACAAAAAAAAAAAAAADAivACAAAAAAAAAAAAAADAivACAAAAAAAAAAAAAADAivACAAAAAAAAAAAAAADAivACAAAAAAAAAAAAAADAivACAAAAAAAAAAAAAADAivACAAAAAAAAAAAAAADAivACAAAAAAAAAAAAAADAivACAAAAAAAAAAAAAADAivACAAAAAAAAAAAAAADAivACAAAAAAAAAAAAAADAivACAAAAAAAAAAAAAADAivACAAAAAAAAAAAAAADAivACAAAAAAAAAAAAAADAivACAAAAAAAAAAAAAADAivACAAAAAAAAAAAAAADAivACAAAAAAAAAAAAAADAivACAAAAAAAAAAAAAADAivACAAAAAAAAAAAAAADAivACAAAAAAAAAAAAAADAivACAAAAAAAAAAAAAADAivACAAAAAAAAAAAAAADAivACAAAAAAAAAAAAAADAivACAAAAAAAAAAAAAADAivACAAAAAAAAAAAAAADAivACAAAAAAAAAAAAAADAivACAAAAAAAAAAAAAADAivACAAAAAAAAAAAAAADAivACAAAAAAAAAAAAAADAivACAAAAAAAAAAAAAADAivACAAAAAAAAAAAAAADAivACAAAAAAAAAAAAAADAivACAAAAAAAAAAAAAADAivACAAAAAAAAAAAAAADAivACAAAAAAAAAAAAAADAivACAAAAAAAAAAAAAADAivACAAAAAAAAAAAAAADAivACAAAAAAAAAAAAAADAivACAAAAAAAAAAAAAADAivACAAAAAAAAAAAAAADAivACAAAAAAAAAAAAAADAivACAAAAAAAAAAAAAADAivACAAAAAAAAAAAAAADAivACAAAAAAAAAAAAAADAivACAAAAAAAAAAAAAADAivACAAAAAAAAAAAAAADAivACAAAAAAAAAAAAAADAivACAAAAAAAAAAAAAADAivACAAAAAAAAAAAAAADAivACAAAAAAAAAAAAAADAivACAAAAAAAAAAAAAADAivACAAAAAAAAAAAAAADAivACAAAAAAAAAAAAAADAivACAAAAAAAAAAAAAADAivACAAAAAAAAAAAAAADAivACAAAAAAAAAAAAAADAivACAAAAAAAAAAAAAADAivACAAAAAAAAAAAAAADAivACAAAAAAAAAAAAAADAivACAAAAAAAAAAAAAADAivACAAAAAAAAAAAAAADAivACAAAAAAAAAAAAAADAivACAAAAAAAAAAAAAADAivACAAAAAAAAAAAAAADAivACAAAAAAAAAAAAAADAivACAAAAAAAAAAAAAADAivACAAAAAAAAAAAAAADAivACAAAAAAAAAAAAAADAivACAAAAAAAAAAAAAADAivACAAAAAAAAAAAAAADAivACAAAAAAAAAAAAAADAivACAAAAAAAAAAAAAADAivACAAAAAAAAAAAAAADAivACAAAAAAAAAAAAAADAivACAAAAAAAAAAAAAADAivACAAAAAAAAAAAAAADAivACAAAAAAAAAAAAAADAivACAAAAAAAAAAAAAADAivACAAAAAAAAAAAAAADAivACAAAAAAAAAAAAAADAivACAAAAAAAAAAAAAADAivACAAAAAAAAAAAAAADAivACAAAAAAAAAAAAAADAivACAAAAAAAAAAAAAADAivACAMS+HQsAAAAADPK3nsaO8ggAAAAAAAAAAAAAVoQXAAAAAAAAAAAAAAAAVoQXAAAAAAAAAAAAAAAAVoQXAAAAAAAAAAAAAAAAVoQXAAAAAAAAAAAAAAAAVoQXAAAAAAAAAAAAAAAAVoQXAAAAAAAAAAAAAAAAVoQXAAAAAAAAAAAAAAAAVoQXAAAAAAAAAAAAAAAAVoQXAAAAAAAAAAAAAAAAVoQXAAAAAAAAAAAAAAAAVoQXAAAAAAAAAAAAAAAAVoQXAAAAAAAAAAAAAAAAVoQXAAAAAAAAAAAAAAAAVoQXAAAAAAAAAAAAAAAAVoQXAAAAAAAAAAAAAAAAVoQXAAAAAAAAAAAAAAAAVoQXAAAAAAAAAAAAAAAAVoQXAAAAAAAAAAAAAAAAVoQXAAAAAAAAAAAAAAAAVoQXAAAAAAAAAAAAAAAAVoQXAAAAAAAAAAAAAAAAVoQXAAAAAAAAAAAAAAAAVoQXAAAAAAAAAAAAAAAAVoQXAAAAAAAAAAAAAAAAVoQXAAAAAAAAAAAAAAAAVoQXAAAAAAAAAAAAAAAAVoQXAAAAAAAAAAAAAAAAVoQXAAAAAAAAAAAAAAAAVoQXAAAAAAAAAAAAAAAAVoQXAAAAAAAAAAAAAAAAVoQXAAAAAAAAAAAAAAAAVoQXAAAAAAAAAAAAAAAAVoQXAAAAAAAAAAAAAAAAVoQXAAAAAAAAAAAAAAAAVoQXAAAAAAAAAAAAAAAAVoQXAAAAAAAAAAAAAAAAVoQXAAAAAAAAAAAAAAAAVoQXAAAAAAAAAAAAAAAAVoQXAAAAAAAAAAAAAAAAVoQXAAAAAAAAAAAAAAAAVoQXAAAAAAAAAAAAAAAAVoQXAAAAAAAAAAAAAAAAVoQXAAAAAAAAAAAAAAAAVoQXAAAAAAAAAAAAAAAAVoQXAAAAAAAAAAAAAAAAVoQXAAAAAAAAAAAAAAAAVoQXAAAAAAAAAAAAAAAAVoQXAAAAAAAAAAAAAAAAVoQXAAAAAAAAAAAAAAAAVoQXAAAAAAAAAAAAAAAAVoQXAAAAAAAAAAAAAAAAVoQXAAAAAAAAAAAAAAAAVoQXAAAAAAAAAAAAAAAAVoQXAAAAAAAAAAAAAAAAVoQXAAAAAAAAAAAAAAAAVoQXAAAAAAAAAAAAAAAAVoQXAAAAAAAAAAAAAAAAVoQXAAAAAAAAAAAAAAAAVoQXAAAAAAAAAAAAAAAAVoQXAAAAAAAAAAAAAAAAVoQXAAAAAAAAAAAAAAAAVoQXAAAAAAAAAAAAAAAAVoQXAAAAAAAAAAAAAAAAVoQXAAAAAAAAAAAAAAAAVoQXAAAAAAAAAAAAAAAAVoQXAAAAAAAAAAAAAAAAVoQXAAAAAAAAAAAAAAAAVoQXAAAAAAAAAAAAAAAAVoQXAAAAAAAAAAAAAAAAVoQXAAAAAAAAAAAAAAAAVoQXAAAAAAAAAAAAAAAAVoQXAAAAAAAAAAAAAAAAVoQXAAAAAAAAAAAAAAAAVoQXAAAAAAAAAAAAAAAAVoQXAAAAAAAAAAAAAAAAVoQXAAAAAAAAAAAAAAAAVoQXAAAAAAAAAAAAAAAAVoQXAAAAAAAAAAAAAAAAVoQXAAAAAAAAAAAAAAAAVoQXAAAAAAAAAAAAAAAAVoQXAAAAAAAAAAAAAAAAVoQXAAAAAAAAAAAAAAAAVoQXAAAAAAAAAAAAAAAAVoQXAAAAAAAAAAAAAAAAVoQXAAAAAAAAAAAAAAAAVoQXAAAAAAAAAAAAAAAAVoQXAAAAAAAAAAAAAAAAVoQXAAAAAAAAAAAAAAAAVoQXAAAAAAAAAAAAAAAAVoQXAAAAAAAAAAAAAAAAVoQXAAAAAAAAAAAAAAAAVoQXAAAAAAAAAAAAAAAAVoQXAAAAAAAAAAAAAAAAVoQXAAAAAAAAAAAAAAAAVoQXAAAAAAAAAAAAAAAAVoQXAAAAAAAAAAAAAAAAVoQXAAAAAAAAAAAAAAAAVoQXAAAAAAAAAAAAAAAAVoQXAAAAAAAAAAAAAAAAVoQXAAAAAAAAAAAAAAAAVoQXAAAAAAAAAAAAAAAAVoQXAAAAAAAAAAAAAAAAVoQXAAAAAAAAAAAAAAAAVoQXAAAAAAAAAAAAAAAAVoQXAAAAAAAAAAAAAAAAVoQXAAAAAAAAAAAAAAAAVoQXAAAAAAAAAAAAAAAAVoQXAAAAAAAAAAAAAAAAVoQXAAAAAAAAAAAAAAAAVoQXAAAAAAAAAAAAAAAAVoQXAAAAAAAAAAAAAAAAVoQXAAAAAAAAAAAAAAAAVoQXAAAAAAAAAAAAAAAAVoQXAAAAAAAAAAAAAAAAVoQXAAAAAAAAAAAAAAAAVoQXAAAAAAAAAAAAAAAAVoQXAAAAAAAAAAAAAAAAVoQXAAAAAAAAAAAAAAAAVoQXAAAAAAAAAAAAAAAAVoQXAAAAAAAAAAAAAAAAVoQXAAAAAAAAAAAAAAAAVoQXAAAAAAAAAAAAAAAAVoQXAAAAAAAAAAAAAAAAVoQXAAAAAAAAAAAAAAAAVoQXAAAAAAAAAAAAAAAAVoQXAAAAAAAAAAAAAAAAVoQXAAAAAAAAAAAAAAAAVoQXAAAAAAAAAAAAAAAAVoQXAAAAAAAAAAAAAAAAVoQXAAAAAAAAAAAAAAAAVoQXAAAAAAAAAAAAAAAAVoQXAAAAAAAAAAAAAAAAVoQXAAAAAAAAAAAAAAAAVoQXAAAAAAAAAAAAAAAAVoQXAAAAAAAAAAAAAAAAVoQXAAAAAAAAAAAAAAAAVoQXAAAAAAAAAAAAAAAAVoQXAAAAAAAAAAAAAAAAVoQXAAAAAAAAAAAAAAAAVoQXAAAAAAAAAAAAAAAAVoQXAAAAAAAAAAAAAAAAVoQXAAAAAAAAAAAAAAAAVoQXAAAAAAAAAAAAAAAAVoQXAAAAAAAAAAAAAAAAVoQXAAAAAAAAAAAAAAAAVoQXAAAAAAAAAAAAAAAAVoQXAAAAAAAAAAAAAAAAVoQXAAAAAAAAAAAAAAAAVoQXAAAAAAAAAAAAAAAAVoQXAAAAAAAAAAAAAAAAVoQXAAAAAAAAAAAAAAAAVoQXAAAAAAAAAAAAAAAAVoQXAAAAAAAAAAAAAAAAVoQXAAAAAAAAAAAAAAAAVoQXAAAAAAAAAAAAAAAAVoQXAAAAAAAAAAAAAAAAVoQXAAAAAAAAAAAAAAAAVoQXAAAAAAAAAAAAAAAAVoQXAAAAAAAAAAAAAAAAVoQXAAAAAAAAAAAAAAAAVoQXAAAAAAAAAAAAAAAAVoQXAAAAAAAAAAAAAAAAVoQXAAAAAAAAAAAAAAAAVoQXAAAAAAAAAAAAAAAAVoQXAAAAAAAAAAAAAAAAVoQXAAAAAAAAAAAAAAAAVoQXAAAAAAAAAAAAAAAAVoQXAAAAAAAAAAAAAAAAVoQXAAAAAAAAAAAAAAAAVoQXAAAAAAAAAAAAAAAAVoQXAAAAAAAAAAAAAAAAVoQXAAAAAAAAAAAAAAAAVoQXAAAAAAAAAAAAAAAAVoQXAAAAAAAAAAAAAAAAVoQXAAAAAAAAAAAAAAAAVoQXAAAAAAAAAAAAAAAAVoQXAAAAAAAAAAAAAAAAVoQXAAAAAAAAAAAAAAAAVoQXAAAAAAAAAAAAAAAAVoQXAAAAAAAAAAAAAAAAVoQXAAAAAAAAAAAAAAAAVoQXAAAAAAAAAAAAAAAAVoQXAAAAAAAAAAAAAAAAVoQXAAAAAAAAAAAAAAAAVoQXAAAAAAAAAAAAAAAAVoQXAAAAAAAAAAAAAAAAVoQXAAAAAAAAAAAAAAAAVoQXAAAAAAAAAAAAAAAAVoQXAAAAAAAAAAAAAAAAVoQXAAAAAAAAAAAAAAAAVoQXAAAAAAAAAAAAAAAAVoQXAAAAAAAAAAAAAAAAVoQXAAAAAAAAAAAAAAAAVoQXAAAAAAAAAAAAAAAAVoQXAAAAAAAAAAAAAAAAVoQXAAAAAAAAAAAAAAAAVoQXAAAAAAAAAAAAAAAAVoQXAAAAAAAAAAAAAAAAVoQXAAAAAAAAAAAAAAAAVoQXAAAAAAAAAAAAAAAAVoQXAAAAAAAAAAAAAAAAVoQXAAAAAAAAAAAAAAAAVoQXAAAAAAAAAAAAAAAAVoQXAAAAAAAAAAAAAAAAVoQXAAAAAAAAAAAAAAAAVoQXAAAAAAAAAAAAAAAAVoQXAAAAAAAAAAAAAAAAVoQXAAAAAAAAAAAAAAAAVoQXAAAAAAAAAAAAAAAAVoQXAAAAAAAAAAAAAAAAVoQXAAAAAAAAAAAAAAAAVoQXAAAAAAAAAAAAAAAAVoQXAAAAAAAAAAAAAAAAVoQXAAAAAAAAAAAAAAAAVoQXAAAAAAAAAAAAAAAAVoQXAAAAAAAAAAAAAAAAVoQXAAAAAAAAAAAAAAAAVoQXAAAAAAAAAAAAAAAAVoQXAAAAAAAAAAAAAAAAVoQXAAAAAAAAAAAAAAAAVoQXAAAAAAAAAAAAAAAAVoQXAAAAAAAAAAAAAAAAVoQXAAAAAAAAAAAAAAAAVoQXAAAAAAAAAAAAAAAAVoQXAAAAAAAAAAAAAAAAVoQXAAAAAAAAAAAAAAAAVoQXAAAAAAAAAAAAAAAAVoQXAAAAAAAAAAAAAAAAVoQXAAAAAAAAAAAAAAAAVoQXAAAAAAAAAAAAAAAAVoQXAAAAAAAAAAAAAAAAVoQXAAAAAAAAAAAAAAAAVoQXAAAAAAAAAAAAAAAAVoQXAAAAAAAAAAAAAAAAVoQXAAAAAAAAAAAAAAAAVoQXAAAAAAAAAAAAAAAAVoQXAAAAAAAAAAAAAAAAVoQXAAAAAAAAAAAAAAAAVoQXAAAAAAAAAAAAAAAAVoQXAAAAAAAAAAAAAAAAVoQXAAAAAAAAAAAAAAAAVoQXAAAAAAAAAAAAAAAAVoQXAAAAAAAAAAAAAAAAVoQXAAAAAAAAAAAAAAAAVoQXAAAAAAAAAAAAAAAAVoQXAAAAAAAAAAAAAAAAVoQXAAAAAAAAAAAAAAAAVoQXAAAAAAAAAAAAAAAAVoQXAAAAAAAAAAAAAAAAVoQXAAAAAAAAAAAAAAAAVoQXAAAAAAAAAAAAAAAAVoQXAAAAAAAAAAAAAAAAVoQXAAAAAAAAAAAAAAAAVoQXAAAAAAAAAAAAAAAAVoQXAAAAAAAAAAAAAAAAVoQXAAAAAAAAAAAAAAAAVoQXAAAAAAAAAAAAAAAAVoQXAAAAAAAAAAAAAAAAVoQXAAAAAAAAAAAAAAAAVoQXAAAAAAAAAAAAAAAAVoQXAAAAAAAAAAAAAAAAVoQXAAAAAAAAAAAAAAAAVoQXAAAAAAAAAAAAAAAAVoQXAAAAAAAAAAAAAAAAVoQXAAAAAAAAAAAAAAAAVoQXAAAAAAAAAAAAAAAAVoQXAAAAAAAAAAAAAAAAVoQXAAAAAAAAAAAAAAAAVoQXAAAAAAAAAAAAAAAAVoQXAAAAAAAAAAAAAAAAVoQXAAAAAAAAAAAAAAAAVoQXAAAAAAAAAAAAAAAAVoQXAAAAAAAAAAAAAAAAVoQXAAAAAAAAAAAAAAAAVoQXAAAAAAAAAAAAAAAAVoQXAAAAAAAAAAAAAAAAVoQXAAAAAAAAAAAAAAAAVoQXAAAAAAAAAAAAAAAAVoQXAAAAAAAAAAAAAAAAVoQXAAAAAAAAAAAAAAAAVoQXAAAAAAAAAAAAAAAAVoQXAAAAAAAAAAAAAAAAVoQXAAAAAAAAAAAAAAAAVoQXAAAAAAAAAAAAAAAAVoQXAAAAAAAAAAAAAAAAVoQXAAAAAAAAAAAAAAAAVoQXAAAAAAAAAAAAAAAAVoQXAAAAAAAAAAAAAAAAVoQXAAAAAAAAAAAAAAAAVoQXAAAAAAAAAAAAAAAAVoQXAAAAAAAAAAAAAAAAVoQXAAAAAAAAAAAAAAAAVoQXAAAAAAAAAAAAAAAAVoQXAAAAAAAAAAAAAAAAVoQXAAAAAAAAAAAAAAAAVoQXAAAAAAAAAAAAAAAAVoQXAAAAAAAAAAAAAAAAVoQXAAAAAAAAAAAAAAAAVoQXAAAAAAAAAAAAAAAAVoQXAAAAAAAAAAAAAAAAVoQXAAAAAAAAAAAAAAAAVoQXAAAAAAAAAAAAAAAAVoQXAAAAAAAAAAAAAAAAVoQXAAAAAAAAAAAAAAAAVoQXAAAAAAAAAAAAAAAAVoQXAAAAAAAAAAAAAAAAVoQXAAAAAAAAAAAAAAAAVoQXAAAAAAAAAAAAAAAAVoQXAAAAAAAAAAAAAAAAVoQXAAAAAAAAAAAAAAAAVoQXAAAAAAAAAAAAAAAAVoQXAAAAAAAAAAAAAAAAVoQXAAAAAAAAAAAAAAAAVoQXAAAAAAAAAAAAAAAAVoQXAAAAAAAAAAAAAAAAVoQXAAAAAAAAAAAAAAAAVoQXAAAAAAAAAAAAAAAAVoQXAAAAAAAAAAAAAAAAVoQXAAAAAAAAAAAAAAAAVoQXAAAAAAAAAAAAAAAAVoQXAAAAAKD27VgAAAAAYJC/9TR2lEcAAAAAAAAAsCK8AAAAAAAAAAAAAAAAsCK8AAAAAAAAAAAAAAAAsCK8AAAAAAAAAAAAAAAAsCK8AAAAAAAAAAAAAAAAsCK8AAAAAAAAAAAAAAAAsCK8AAAAAAAAAAAAAAAAsCK8AAAAAAAAAAAAAAAAsCK8AAAAAAAAAAAAAAAAsCK8AAAAAAAAAAAAAAAAsCK8AAAAAAAAAAAAAAAAsCK8AAAAAAAAAAAAAAAAsCK8AAAAAAAAAAAAAAAAsCK8AAAAAAAAAAAAAAAAsCK8AAAAAAAAAAAAAAAAsCK8AAAAAAAAAAAAAAAAsCK8AAAAAAAAAAAAAAAAsCK8AAAAAAAAAAAAAAAAsCK8AAAAAAAAAAAAAAAAsCK8AAAAAAAAAAAAAAAAsCK8AAAAAAAAAAAAAAAAsCK8AAAAAAAAAAAAAAAAsCK8AAAAAAAAAAAAAAAAsCK8AAAAAAAAAAAAAAAAsCK8AAAAAAAAAAAAAAAAsCK8AAAAAAAAAAAAAAAAsCK8AAAAAAAAAAAAAAAAsCK8AAAAAAAAAAAAAAAAsCK8AAAAAAAAAAAAAAAAsCK8AAAAAAAAAAAAAAAAsCK8AAAAAAAAAAAAAAAAsCK8AAAAAAAAAAAAAAAAsCK8AAAAAAAAAAAAAAAAsCK8AAAAAAAAAAAAAAAAsCK8AAAAAAAAAAAAAAAAsCK8AAAAAAAAAAAAAAAAsCK8AAAAAAAAAAAAAAAAsCK8AAAAAAAAAAAAAAAAsCK8AAAAAAAAAAAAAAAAsCK8AAAAAAAAAAAAAAAAsCK8AAAAAAAAAAAAAAAAsCK8AAAAAAAAAAAAAAAAsCK8AAAAAAAAAAAAAAAAsCK8AAAAAAAAAAAAAAAAsCK8AAAAAAAAAAAAAAAAsCK8AAAAAAAAAAAAAAAAsCK8AAAAAAAAAAAAAAAAsCK8AAAAAAAAAAAAAAAAsCK8AAAAAAAAAAAAAAAAsCK8AAAAAAAAAAAAAAAAsCK8AAAAAAAAAAAAAAAAsCK8AAAAAAAAAAAAAAAAsCK8AAAAAAAAAAAAAAAAsCK8AAAAAAAAAAAAAAAAsCK8AAAAAAAAAAAAAAAAsCK8AAAAAAAAAAAAAAAAsCK8AAAAAAAAAAAAAAAAsCK8AAAAAAAAAAAAAAAAsCK8AAAAAAAAAAAAAAAAsCK8AAAAAAAAAAAAAAAAsCK8AAAAAAAAAAAAAAAAsCK8AAAAAAAAAAAAAAAAsCK8AAAAAAAAAAAAAAAAsCK8AAAAAAAAAAAAAAAAsCK8AAAAAAAAAAAAAAAAsCK8AAAAAAAAAAAAAAAAsCK8AAAAAAAAAAAAAAAAsCK8AAAAAAAAAAAAAAAAsCK8AAAAAAAAAAAAAAAAsCK8AAAAAAAAAAAAAAAAsCK8AAAAAAAAAAAAAAAAsCK8AAAAAAAAAAAAAAAAsCK8AAAAAAAAAAAAAAAAsCK8AAAAAAAAAAAAAAAAsCK8AAAAAAAAAAAAAAAAsCK8AAAAAAAAAAAAAAAAsCK8AAAAAAAAAAAAAAAAsCK8AAAAAAAAAAAAAAAAsCK8AAAAAAAAAAAAAAAAsCK8AAAAAAAAAAAAAAAAsCK8AAAAAAAAAAAAAAAAsCK8AAAAAAAAAAAAAAAAsCK8AAAAAAAAAAAAAAAAsCK8AAAAAAAAAAAAAAAAsCK8AAAAAAAAAAAAAAAAsCK8AAAAAAAAAAAAAAAAsCK8AAAAAAAAAAAAAAAAsCK8AAAAAAAAAAAAAAAAsCK8AAAAAAAAAAAAAAAAsCK8AAAAAAAAAAAAAAAAsCK8AAAAAAAAAAAAAAAAsCK8AAAAAAAAAAAAAAAAsCK8AAAAAAAAAAAAAAAAsCK8AAAAAAAAAAAAAAAAsCK8AAAAAAAAAAAAAAAAsCK8AAAAAAAAAAAAAAAAsCK8AAAAAAAAAAAAAAAAsCK8AAAAAAAAAAAAAAAAsCK8AAAAAAAAAAAAAAAAsCK8AAAAAAAAAAAAAAAAsCK8AAAAAAAAAAAAAAAAsCK8AAAAAAAAAAAAAAAAsCK8AAAAAAAAAAAAAAAAsCK8AAAAAAAAAAAAAAAAsCK8AAAAAAAAAAAAAAAAsCK8AAAAAAAAAAAAAAAAsCK8AAAAAAAAAAAAAAAAsCK8AAAAAAAAAAAAAAAAsCK8AAAAAAAAAAAAAAAAsCK8AAAAAAAAAAAAAAAAsCK8AAAAAAAAAAAAAAAAsCK8AAAAAAAAAAAAAAAAsCK8AAAAAAAAAAAAAAAAsCK8AAAAAAAAAAAAAAAAsCK8AAAAAAAAAAAAAAAAsCK8AAAAAAAAAAAAAAAAsCK8AAAAAAAAAAAAAAAAsBKEsBHolWWZrwAAAABJRU5ErkJggg=="`;
